---
source: src/views/help_overlay.rs
expression: output
---





                             ┌Help────────────────┐
                             │j/k  navigate       │
                             │g/G  top/bottom     │
                             │H/L  switch feeds   │
                             │  l  open comments  │
                             │  o  open link      │
                             │  y  copy url       │
                             │  r  refresh        │
                             │  t  themes         │
                             │  `  debug          │
                             │  q  quit           │
                             │  ?  close          │
                             └────────────────────┘
